============================================================
 LINUX PRODUCTION PLATFORM
 NETWORKING ENGINEERING SUBSYSTEM
============================================================
Host      : Ubuntupro
Timestamp : 2026-09-01T08:23:46+00:00
Kernel    : 7.0.0-30-generic
============================================================

------------------------------------------------------------
MODULE: interfaces.sh
------------------------------------------------------------

======================================
NETWORK INTERFACES AND LINK
======================================
lo               UNKNOWN        00:00:00:00:00:00 <LOOPBACK,UP,LOWER_UP> 
enp0s3           UP             08:00:27:85:28:fc <BROADCAST,MULTICAST,UP,LOWER_UP> 

Interface Details:

Interface: lo
State: UNKNOWN
MAC: 00:00:00:00:00:00

Interface: enp0s3
State: UP
MAC: 08:00:27:85:28:fc
Speed: 1000Mb/s
Duplex: Full
Link: yes
OK: enp0s3 physical link detected
MODULE RESULT: COMPLETED

------------------------------------------------------------
MODULE: addressing.sh
------------------------------------------------------------

======================================
IP ADDRESSING
======================================
IPv4:
lo               UNKNOWN        127.0.0.1/8 
enp0s3           UP             10.0.2.15/24 

IPv6:
lo               UNKNOWN        ::1/128 
enp0s3           UP             fd17:625c:f037:2:a00:27ff:fe85:28fc/64 fe80::a00:27ff:fe85:28fc/64 

IPv4 Address Details:
1: lo: <LOOPBACK,UP,LOWER_UP> mtu 65536 qdisc noqueue state UNKNOWN group default qlen 1000
    inet 127.0.0.1/8 scope host lo
       valid_lft forever preferred_lft forever
2: enp0s3: <BROADCAST,MULTICAST,UP,LOWER_UP> mtu 1500 qdisc fq_codel state UP group default qlen 1000
    inet 10.0.2.15/24 brd 10.0.2.255 scope global dynamic noprefixroute enp0s3
       valid_lft 68502sec preferred_lft 68502sec

IPv6 Address Details:
1: lo: <LOOPBACK,UP,LOWER_UP> mtu 65536 state UNKNOWN qlen 1000
    inet6 ::1/128 scope host noprefixroute 
       valid_lft forever preferred_lft forever
2: enp0s3: <BROADCAST,MULTICAST,UP,LOWER_UP> mtu 1500 state UP qlen 1000
    inet6 fd17:625c:f037:2:a00:27ff:fe85:28fc/64 scope global dynamic noprefixroute 
       valid_lft 86029sec preferred_lft 14029sec
    inet6 fe80::a00:27ff:fe85:28fc/64 scope link noprefixroute 
       valid_lft forever preferred_lft forever
OK: Global IPv4 address detected
OK: Global IPv6 address detected

Address Statistics:
1: lo: <LOOPBACK,UP,LOWER_UP> mtu 65536 qdisc noqueue state UNKNOWN group default qlen 1000
    link/loopback 00:00:00:00:00:00 brd 00:00:00:00:00:00
    inet 127.0.0.1/8 scope host lo
       valid_lft forever preferred_lft forever
    inet6 ::1/128 scope host noprefixroute 
       valid_lft forever preferred_lft forever
    RX:  bytes packets errors dropped  missed   mcast           
       1674386   10074      0       0       0       0 
    TX:  bytes packets errors dropped carrier collsns           
       1674386   10074      0       0       0       0 
2: enp0s3: <BROADCAST,MULTICAST,UP,LOWER_UP> mtu 1500 qdisc fq_codel state UP group default qlen 1000
    link/ether 08:00:27:85:28:fc brd ff:ff:ff:ff:ff:ff
    inet 10.0.2.15/24 brd 10.0.2.255 scope global dynamic noprefixroute enp0s3
       valid_lft 68502sec preferred_lft 68502sec
    inet6 fd17:625c:f037:2:a00:27ff:fe85:28fc/64 scope global dynamic noprefixroute 
       valid_lft 86029sec preferred_lft 14029sec
    inet6 fe80::a00:27ff:fe85:28fc/64 scope link noprefixroute 
       valid_lft forever preferred_lft forever
    RX:  bytes packets errors dropped  missed   mcast           
     728081686  552303      0       0       0      70 
    TX:  bytes packets errors dropped carrier collsns           
      18731104   93609      0      12       0       0 
MODULE RESULT: COMPLETED

------------------------------------------------------------
MODULE: neighbors.sh
------------------------------------------------------------

======================================
ARP AND IPv6 NEIGHBORS
======================================
Neighbor Table:
10.0.2.2 dev enp0s3 lladdr 52:54:00:12:35:00 REACHABLE 
fe80::2 dev enp0s3 lladdr 52:54:00:12:35:00 router STALE 
fd17:625c:f037:2::2 dev enp0s3 lladdr 52:54:00:12:35:00 router STALE 

IPv4 Neighbor / ARP:
10.0.2.2 dev enp0s3 lladdr 52:54:00:12:35:00 REACHABLE 

IPv6 Neighbor Discovery:
fe80::2 dev enp0s3 lladdr 52:54:00:12:35:00 router STALE 
fd17:625c:f037:2::2 dev enp0s3 lladdr 52:54:00:12:35:00 router STALE 
OK: No FAILED or INCOMPLETE neighbors detected
MODULE RESULT: COMPLETED

------------------------------------------------------------
MODULE: routing.sh
------------------------------------------------------------

======================================
ROUTING
======================================
IPv4 Routing Table:
default via 10.0.2.2 dev enp0s3 proto dhcp src 10.0.2.15 metric 100 
10.0.2.0/24 dev enp0s3 proto kernel scope link src 10.0.2.15 metric 100 

IPv6 Routing Table:
fd17:625c:f037:2::/64 dev enp0s3 proto ra metric 100 pref medium
fe80::/64 dev enp0s3 proto kernel metric 1024 pref medium
default via fe80::2 dev enp0s3 proto ra metric 20100 pref medium

Routing Rules:
0:	from all lookup local
32766:	from all lookup main
32767:	from all lookup default

Route Selection Test:
1.1.1.1 via 10.0.2.2 dev enp0s3 src 10.0.2.15 uid 1000 
    cache 
OK: Default gateway detected: 10.0.2.2
OK: Default route interface detected: enp0s3
MODULE RESULT: COMPLETED

------------------------------------------------------------
MODULE: gateway.sh
------------------------------------------------------------

======================================
GATEWAY DIAGNOSTICS
======================================
Default Gateway: 10.0.2.2
OK: Gateway reachable: 10.0.2.2
MODULE RESULT: COMPLETED

------------------------------------------------------------
MODULE: dhcp.sh
------------------------------------------------------------

======================================
DHCP DIAGNOSTICS
======================================
Primary interface: enp0s3

NetworkManager device information:
GENERAL.DEVICE:                         enp0s3
GENERAL.CONNECTION:                     netplan-enp0s3
OK: NetworkManager DHCP information queried

DHCP lease files:
No standard DHCP lease file detected
MODULE RESULT: COMPLETED

------------------------------------------------------------
MODULE: dns.sh
------------------------------------------------------------

======================================
DNS DIAGNOSTICS
======================================
Resolver configuration:
nameserver 127.0.0.53
search hgu_lan

Hostname resolution:
google.com: RESOLVED
OK: DNS resolution works for google.com
example.com: RESOLVED
OK: DNS resolution works for example.com

DNS query details:
;; ANSWER SECTION:
google.com.		6	IN	A	142.250.182.78


;; ANSWER SECTION:
google.com.		73	IN	AAAA	2404:6800:4007:836::200e


Reverse DNS:
;; ANSWER SECTION:
2.2.0.10.in-addr.arpa.	0	IN	PTR	_gateway.


systemd-resolved status:
Global
         Protocols: -LLMNR -mDNS -DNSOverTLS DNSSEC=no/unsupported
  resolv.conf mode: foreign
        DNS Domain: hgu_lan

Link 2 (enp0s3)
    Current Scopes: DNS
         Protocols: +DefaultRoute -LLMNR -mDNS -DNSOverTLS DNSSEC=no/unsupported
Current DNS Server: 203.153.41.28
       DNS Servers: 203.153.41.28 203.153.44.44 fd17:625c:f037:2::3
        DNS Domain: hgu_lan
     Default Route: yes
MODULE RESULT: COMPLETED

------------------------------------------------------------
MODULE: tcp.sh
------------------------------------------------------------

======================================
TCP DIAGNOSTICS
======================================
TCP listening sockets:
State  Recv-Q Send-Q Local Address:Port Peer Address:Port
LISTEN 0      4096      127.0.0.54:53        0.0.0.0:*   
LISTEN 0      4096       127.0.0.1:631       0.0.0.0:*   
LISTEN 0      511          0.0.0.0:80        0.0.0.0:*   
LISTEN 0      4096   127.0.0.53%lo:53        0.0.0.0:*   
LISTEN 0      4096           [::1]:631          [::]:*   
LISTEN 0      511             [::]:80           [::]:*   

TCP established connections:
Recv-Q Send-Q Local Address:Port   Peer Address:Port
0      0          10.0.2.15:45000 140.82.114.26:443 
0      0          10.0.2.15:42064 57.144.211.32:443 
0      0          10.0.2.15:47022 34.107.243.93:443 

TCP connection states:
      6 LISTEN
      4 TIME-WAIT
      3 ESTAB

TCP statistics:
Total: 988
TCP:   13 (estab 3, closed 4, orphaned 0, timewait 4)

Transport Total     IP        IPv6
RAW	  1         0         1        
UDP	  14        9         5        
TCP	  9         7         2        
INET	  24        16        8        
FRAG	  0         0         0        


TCP kernel counters:
#kernel
OK: TCP diagnostics collected
MODULE RESULT: COMPLETED

------------------------------------------------------------
MODULE: udp.sh
------------------------------------------------------------

======================================
UDP DIAGNOSTICS
======================================
UDP listening sockets:
State  Recv-Q Send-Q                     Local Address:Port  Peer Address:Port
UNCONN 0      0                                0.0.0.0:5353       0.0.0.0:*   
UNCONN 0      0                                0.0.0.0:40177      0.0.0.0:*   
UNCONN 0      0                              10.0.2.15:3702       0.0.0.0:*   
UNCONN 0      0                        239.255.255.250:3702       0.0.0.0:*   
UNCONN 0      0                             127.0.0.54:53         0.0.0.0:*   
UNCONN 0      0                          127.0.0.53%lo:53         0.0.0.0:*   
UNCONN 0      0                                0.0.0.0:49257      0.0.0.0:*   
UNCONN 0      0                              127.0.0.1:323        0.0.0.0:*   
UNCONN 0      0                                      *:54187            *:*   
UNCONN 0      0                                   [::]:5353          [::]:*   
UNCONN 0      0      [fe80::a00:27ff:fe85:28fc]%enp0s3:3702          [::]:*   
UNCONN 0      0                       [ff02::c]%enp0s3:3702          [::]:*   
UNCONN 0      0                                  [::1]:323           [::]:*   

UDP sockets:
State  Recv-Q Send-Q                     Local Address:Port  Peer Address:Port
UNCONN 0      0                                0.0.0.0:5353       0.0.0.0:*   
UNCONN 0      0                                0.0.0.0:40177      0.0.0.0:*   
UNCONN 0      0                              10.0.2.15:3702       0.0.0.0:*   
UNCONN 0      0                        239.255.255.250:3702       0.0.0.0:*   
UNCONN 0      0                             127.0.0.54:53         0.0.0.0:*   
UNCONN 0      0                          127.0.0.53%lo:53         0.0.0.0:*   
ESTAB  0      0                       10.0.2.15%enp0s3:68        10.0.2.2:67  
UNCONN 0      0                                0.0.0.0:49257      0.0.0.0:*   
UNCONN 0      0                              127.0.0.1:323        0.0.0.0:*   
UNCONN 0      0                                      *:54187            *:*   
UNCONN 0      0                                   [::]:5353          [::]:*   
UNCONN 0      0      [fe80::a00:27ff:fe85:28fc]%enp0s3:3702          [::]:*   
UNCONN 0      0                       [ff02::c]%enp0s3:3702          [::]:*   
UNCONN 0      0                                  [::1]:323           [::]:*   

UDP statistics:
Total: 994
TCP:   13 (estab 3, closed 4, orphaned 0, timewait 4)

Transport Total     IP        IPv6
RAW	  1         0         1        
UDP	  14        9         5        
TCP	  9         7         2        
INET	  24        16        8        
FRAG	  0         0         0        

OK: UDP diagnostics collected
MODULE RESULT: COMPLETED

------------------------------------------------------------
MODULE: sockets.sh
------------------------------------------------------------

======================================
SOCKET AND PORT DIAGNOSTICS
======================================
All listening TCP/UDP sockets:
Netid State  Recv-Q Send-Q                     Local Address:Port  Peer Address:PortProcess                             
udp   UNCONN 0      0                                0.0.0.0:5353       0.0.0.0:*                                       
udp   UNCONN 0      0                                0.0.0.0:40177      0.0.0.0:*    users:(("firefox",pid=25917,fd=60))
udp   UNCONN 0      0                              10.0.2.15:3702       0.0.0.0:*    users:(("python3",pid=9282,fd=10)) 
udp   UNCONN 0      0                        239.255.255.250:3702       0.0.0.0:*    users:(("python3",pid=9282,fd=8))  
udp   UNCONN 0      0                             127.0.0.54:53         0.0.0.0:*                                       
udp   UNCONN 0      0                          127.0.0.53%lo:53         0.0.0.0:*                                       
udp   UNCONN 0      0                                0.0.0.0:49257      0.0.0.0:*    users:(("python3",pid=9282,fd=9))  
udp   UNCONN 0      0                              127.0.0.1:323        0.0.0.0:*                                       
udp   UNCONN 0      0                                      *:54187            *:*    users:(("python3",pid=9282,fd=12)) 
udp   UNCONN 0      0                                   [::]:5353          [::]:*                                       
udp   UNCONN 0      0      [fe80::a00:27ff:fe85:28fc]%enp0s3:3702          [::]:*    users:(("python3",pid=9282,fd=13)) 
udp   UNCONN 0      0                       [ff02::c]%enp0s3:3702          [::]:*    users:(("python3",pid=9282,fd=11)) 
udp   UNCONN 0      0                                  [::1]:323           [::]:*                                       
tcp   LISTEN 0      4096                          127.0.0.54:53         0.0.0.0:*                                       
tcp   LISTEN 0      4096                           127.0.0.1:631        0.0.0.0:*                                       
tcp   LISTEN 0      511                              0.0.0.0:80         0.0.0.0:*                                       
tcp   LISTEN 0      4096                       127.0.0.53%lo:53         0.0.0.0:*                                       
tcp   LISTEN 0      4096                               [::1]:631           [::]:*                                       
tcp   LISTEN 0      511                                 [::]:80            [::]:*                                       

Socket summary:
Total: 988
TCP:   13 (estab 3, closed 4, orphaned 0, timewait 4)

Transport Total     IP        IPv6
RAW	  1         0         1        
UDP	  14        9         5        
TCP	  9         7         2        
INET	  24        16        8        
FRAG	  0         0         0        


Common service ports:
udp   UNCONN 0      0                             127.0.0.54:53         0.0.0.0:*                                       
udp   UNCONN 0      0                          127.0.0.53%lo:53         0.0.0.0:*                                       
tcp   LISTEN 0      4096                          127.0.0.54:53         0.0.0.0:*                                       
tcp   LISTEN 0      511                              0.0.0.0:80         0.0.0.0:*                                       
tcp   LISTEN 0      4096                       127.0.0.53%lo:53         0.0.0.0:*                                       
tcp   LISTEN 0      511                                 [::]:80            [::]:*                                       

Socket states:
ESTAB 3
LISTEN 6
TIME-WAIT 4
OK: Socket and port diagnostics collected
MODULE RESULT: COMPLETED

------------------------------------------------------------
MODULE: icmp.sh
------------------------------------------------------------

======================================
ICMP DIAGNOSTICS
======================================
Gateway ICMP:
PING 10.0.2.2 (10.0.2.2) 56(84) bytes of data.
64 bytes from 10.0.2.2: icmp_seq=1 ttl=64 time=0.585 ms
64 bytes from 10.0.2.2: icmp_seq=2 ttl=64 time=0.381 ms
64 bytes from 10.0.2.2: icmp_seq=3 ttl=64 time=0.440 ms

--- 10.0.2.2 ping statistics ---
3 packets transmitted, 3 received, 0% packet loss, time 2037ms
rtt min/avg/max/mdev = 0.381/0.468/0.585/0.085 ms
OK: Gateway responds to ICMP

External ICMP:
PING 1.1.1.1 (1.1.1.1) 56(84) bytes of data.
64 bytes from 1.1.1.1: icmp_seq=1 ttl=64 time=10.3 ms
64 bytes from 1.1.1.1: icmp_seq=2 ttl=64 time=11.6 ms
64 bytes from 1.1.1.1: icmp_seq=3 ttl=64 time=10.6 ms

--- 1.1.1.1 ping statistics ---
3 packets transmitted, 3 received, 0% packet loss, time 2023ms
rtt min/avg/max/mdev = 10.280/10.833/11.616/0.569 ms
OK: External ICMP connectivity available
MODULE RESULT: COMPLETED

------------------------------------------------------------
MODULE: connectivity.sh
------------------------------------------------------------

======================================
END-TO-END CONNECTIVITY
======================================
Layer 3 gateway test:
OK: Gateway reachable

External IP connectivity:
OK: External IP reachable

DNS + HTTPS connectivity:
OK: HTTPS endpoint reachable
MODULE RESULT: COMPLETED

------------------------------------------------------------
MODULE: http.sh
------------------------------------------------------------

======================================
HTTP / HTTPS APPLICATION DIAGNOSTICS
======================================
Target: https://example.com

Headers:
HTTP/2 200 
date: Tue, 01 Sep 2026 08:23:55 GMT
content-type: text/html
server: cloudflare
last-modified: Mon, 31 Aug 2026 04:09:32 GMT
allow: GET, HEAD
accept-ranges: bytes
age: 4286
cf-cache-status: HIT
cf-ray: a342e02b2ca77b7a-HYD

OK: HTTP/HTTPS endpoint responded

Timing:
DNS: 0.001186s
Connect: 0.229099s
TLS: 0.265746s
TTFB: 0.296505s
Total: 0.296618s
HTTP: 200
MODULE RESULT: COMPLETED

------------------------------------------------------------
MODULE: tls.sh
------------------------------------------------------------

======================================
TLS / CERTIFICATE DIAGNOSTICS
======================================
TLS target: example.com:443
subject=CN=example.com
issuer=C=US, O=SSL Corporation, CN=Cloudflare TLS Issuing ECC CA 3
notBefore=Jul 29 22:10:08 2026 GMT
notAfter=Oct 27 22:17:21 2026 GMT
OK: TLS certificate retrieved

TLS protocol negotiation:
New, TLSv1.3, Cipher is TLS_AES_256_GCM_SHA384
Protocol: TLSv1.3
Verify return code: 0 (ok)
MODULE RESULT: COMPLETED

------------------------------------------------------------
MODULE: firewall.sh
------------------------------------------------------------

======================================
FIREWALL DIAGNOSTICS
======================================
UFW:

nftables:

iptables:

iptables counters:
OK: Firewall/filtering diagnostics available
MODULE RESULT: COMPLETED

------------------------------------------------------------
MODULE: nat.sh
------------------------------------------------------------

======================================
NAT AND CONNECTION TRACKING
======================================
IPv4 NAT:

IPv6 NAT:

iptables NAT:
OK: NAT/connection-tracking diagnostics available
MODULE RESULT: COMPLETED

------------------------------------------------------------
MODULE: mtu.sh
------------------------------------------------------------

======================================
MTU AND PATH-MTU
======================================
Interface: enp0s3
MTU: 1500
OK: Interface MTU detected

Path MTU probe:
 1?: [LOCALHOST]                      pmtu 1500
 1:  _gateway                                              0.643ms 
 1:  _gateway                                              0.594ms 
 2:  no reply
 3:  no reply
 4:  no reply
 5:  no reply
 6:  no reply
 7:  no reply
 8:  no reply
     Too many hops: pmtu 1500
     Resume: pmtu 1500 
MODULE RESULT: COMPLETED

------------------------------------------------------------
MODULE: packet_capture.sh
------------------------------------------------------------

======================================
PACKET CAPTURE DIAGNOSTICS
======================================
tcpdump version:
tcpdump version 4.99.6

Capture interfaces:
1.enp0s3 [Up, Running, Connected]
2.any (Pseudo-device that captures on all interfaces) [Up, Running]
3.lo [Up, Running, Loopback]
4.bluetooth-monitor (Bluetooth Linux Monitor) [Wireless]
5.nflog (Linux netfilter log (NFLOG) interface) [none]
6.nfqueue (Linux netfilter queue (NFQUEUE) interface) [none]
7.dbus-system (D-Bus system bus) [none]
8.dbus-session (D-Bus session bus) [none]

Capture capability:
WARN: tcpdump available but packet capture may require elevated privileges
MODULE RESULT: COMPLETED

------------------------------------------------------------
MODULE: performance.sh
------------------------------------------------------------

======================================
NETWORK PERFORMANCE
======================================
Interface statistics:
2: enp0s3: <BROADCAST,MULTICAST,UP,LOWER_UP> mtu 1500 qdisc fq_codel state UP mode DEFAULT group default qlen 1000
    link/ether 08:00:27:85:28:fc brd ff:ff:ff:ff:ff:ff
    RX:  bytes packets errors dropped  missed   mcast           
     728117265  552397      0       0       0      70 
    TX:  bytes packets errors dropped carrier collsns           
      18781227   93725      0      12       0       0 

Interface counters:
RX packets=728117265 bytes=552397 errors=0 dropped=0
TX packets=18781227 bytes=93725 errors=0 dropped=12

Driver statistics:
NIC statistics:
     rx_packets: 552397
     tx_packets: 89839
     rx_bytes: 730326853
     tx_bytes: 18571383
     rx_broadcast: 2
     tx_broadcast: 16
     rx_multicast: 70
     tx_multicast: 347
     rx_errors: 0
     tx_errors: 0
     tx_dropped: 0
     multicast: 70
     collisions: 0
     rx_length_errors: 0
     rx_over_errors: 0
     rx_crc_errors: 0
     rx_frame_errors: 0
     rx_no_buffer_count: 0
     rx_missed_errors: 0
     tx_aborted_errors: 0
     tx_carrier_errors: 0
     tx_fifo_errors: 0
     tx_heartbeat_errors: 0
     tx_window_errors: 0
     tx_abort_late_coll: 0
     tx_deferred_ok: 0
     tx_single_coll_ok: 0
     tx_multi_coll_ok: 0
     tx_timeout_count: 0
     tx_restart_queue: 0
     rx_long_length_errors: 0
     rx_short_length_errors: 0
     rx_align_errors: 0
     tx_tcp_seg_good: 1694
     tx_tcp_seg_failed: 0
     rx_flow_control_xon: 0
     rx_flow_control_xoff: 0
     tx_flow_control_xon: 0
     tx_flow_control_xoff: 0
     rx_long_byte_count: 730326853
     rx_csum_offload_good: 0
     rx_csum_offload_errors: 0
     alloc_rx_buff_failed: 0
     tx_smbus: 0
     rx_smbus: 0
     dropped_smbus: 0

Socket statistics:
Total: 989
TCP:   14 (estab 3, closed 5, orphaned 0, timewait 5)

Transport Total     IP        IPv6
RAW	  1         0         1        
UDP	  13        8         5        
TCP	  9         7         2        
INET	  23        15        8        
FRAG	  0         0         0        


Kernel network statistics:
#kernel
IpInReceives                    561025             0.0
IpInHdrErrors                   0                  0.0
IpInAddrErrors                  0                  0.0
IpForwDatagrams                 0                  0.0
IpInUnknownProtos               0                  0.0
IpInDiscards                    0                  0.0
IpInDelivers                    561021             0.0
IpOutRequests                   95628              0.0
IpOutDiscards                   0                  0.0
IpOutNoRoutes                   10                 0.0
IpReasmTimeout                  0                  0.0
IpReasmReqds                    0                  0.0
IpReasmOKs                      0                  0.0
IpReasmFails                    0                  0.0
IpFragOKs                       0                  0.0
IpFragFails                     0                  0.0
IpFragCreates                   0                  0.0
IpOutTransmits                  95628              0.0
IcmpInMsgs                      163                0.0
IcmpInErrors                    0                  0.0
IcmpInCsumErrors                0                  0.0
IcmpInDestUnreachs              12                 0.0
IcmpInTimeExcds                 35                 0.0
IcmpInParmProbs                 0                  0.0
IcmpInSrcQuenchs                0                  0.0
IcmpInRedirects                 0                  0.0
IcmpInEchos                     0                  0.0
IcmpInEchoReps                  116                0.0
IcmpInTimestamps                0                  0.0
IcmpInTimestampReps             0                  0.0
IcmpInAddrMasks                 0                  0.0
IcmpInAddrMaskReps              0                  0.0
IcmpOutMsgs                     131                0.0
IcmpOutErrors                   0                  0.0
IcmpOutRateLimitGlobal          0                  0.0
IcmpOutRateLimitHost            0                  0.0
IcmpOutDestUnreachs             12                 0.0
IcmpOutTimeExcds                0                  0.0
IcmpOutParmProbs                0                  0.0
IcmpOutSrcQuenchs               0                  0.0
IcmpOutRedirects                0                  0.0
IcmpOutEchos                    119                0.0
IcmpOutEchoReps                 0                  0.0
IcmpOutTimestamps               0                  0.0
IcmpOutTimestampReps            0                  0.0
IcmpOutAddrMasks                0                  0.0
IcmpOutAddrMaskReps             0                  0.0
IcmpMsgInType0                  116                0.0
IcmpMsgInType3                  12                 0.0
IcmpMsgInType11                 35                 0.0
IcmpMsgOutType3                 12                 0.0
IcmpMsgOutType8                 119                0.0
TcpActiveOpens                  1489               0.0
TcpPassiveOpens                 26                 0.0
TcpAttemptFails                 55                 0.0
TcpEstabResets                  27                 0.0
TcpInSegs                       509440             0.0
TcpOutSegs                      80264              0.0
TcpRetransSegs                  1994               0.0
TcpInErrs                       0                  0.0
TcpOutRsts                      967                0.0
TcpInCsumErrors                 0                  0.0
UdpInDatagrams                  52477              0.0
UdpNoPorts                      12                 0.0
UdpInErrors                     0                  0.0
UdpOutDatagrams                 19858              0.0
UdpRcvbufErrors                 0                  0.0
UdpSndbufErrors                 0                  0.0
UdpInCsumErrors                 0                  0.0
UdpIgnoredMulti                 0                  0.0
UdpMemErrors                    0                  0.0
UdpLiteInDatagrams              0                  0.0
UdpLiteNoPorts                  0                  0.0
UdpLiteInErrors                 0                  0.0
UdpLiteOutDatagrams             0                  0.0
UdpLiteRcvbufErrors             0                  0.0
UdpLiteSndbufErrors             0                  0.0
UdpLiteInCsumErrors             0                  0.0
UdpLiteIgnoredMulti             0                  0.0
UdpLiteMemErrors                0                  0.0
Ip6InReceives                   1330               0.0
Ip6InHdrErrors                  0                  0.0
Ip6InTooBigErrors               0                  0.0
Ip6InNoRoutes                   0                  0.0
Ip6InAddrErrors                 0                  0.0
Ip6InUnknownProtos              0                  0.0
Ip6InTruncatedPkts              0                  0.0
Ip6InDiscards                   0                  0.0
Ip6InDelivers                   1330               0.0
Ip6OutForwDatagrams             0                  0.0
Ip6OutRequests                  3101               0.0
Ip6OutDiscards                  3                  0.0
Ip6OutNoRoutes                  97                 0.0
Ip6ReasmTimeout                 0                  0.0
Ip6ReasmReqds                   0                  0.0
Ip6ReasmOKs                     0                  0.0
Ip6ReasmFails                   0                  0.0
Ip6FragOKs                      0                  0.0
Ip6FragFails                    0                  0.0
Ip6FragCreates                  0                  0.0
Ip6InMcastPkts                  122                0.0
Ip6OutMcastPkts                 247                0.0
Ip6InOctets                     590970             0.0
Ip6OutOctets                    303642             0.0
Ip6InMcastOctets                18637              0.0
Ip6OutMcastOctets               48629              0.0
Ip6InBcastOctets                0                  0.0
Ip6OutBcastOctets               0                  0.0
Ip6InNoECTPkts                  1571               0.0
Ip6InECT1Pkts                   0                  0.0
Ip6InECT0Pkts                   0                  0.0
Ip6InCEPkts                     0                  0.0
Ip6OutTransmits                 3101               0.0
Icmp6InMsgs                     171                0.0
Icmp6InErrors                   0                  0.0
Icmp6OutMsgs                    244                0.0
Icmp6OutErrors                  0                  0.0
Icmp6InCsumErrors               0                  0.0
Icmp6OutRateLimitHost           0                  0.0
Icmp6InDestUnreachs             0                  0.0
Icmp6InPktTooBigs               0                  0.0
Icmp6InTimeExcds                25                 0.0
Icmp6InParmProblems             0                  0.0
Icmp6InEchos                    0                  0.0
Icmp6InEchoReplies              0                  0.0
Icmp6InGroupMembQueries         0                  0.0
Icmp6InGroupMembResponses       0                  0.0
Icmp6InGroupMembReductions      0                  0.0
Icmp6InRouterSolicits           0                  0.0
Icmp6InRouterAdvertisements     68                 0.0
Icmp6InNeighborSolicits         2                  0.0
Icmp6InNeighborAdvertisements   74                 0.0
Icmp6InRedirects                0                  0.0
Icmp6InMLDv2Reports             2                  0.0
Icmp6OutDestUnreachs            0                  0.0
Icmp6OutPktTooBigs              0                  0.0
Icmp6OutTimeExcds               0                  0.0
Icmp6OutParmProblems            0                  0.0
Icmp6OutEchos                   0                  0.0
Icmp6OutEchoReplies             0                  0.0
Icmp6OutGroupMembQueries        0                  0.0
Icmp6OutGroupMembResponses      0                  0.0
Icmp6OutGroupMembReductions     0                  0.0
Icmp6OutRouterSolicits          8                  0.0
Icmp6OutRouterAdvertisements    0                  0.0
Icmp6OutNeighborSolicits        78                 0.0
Icmp6OutNeighborAdvertisements  2                  0.0
Icmp6OutRedirects               0                  0.0
Icmp6OutMLDv2Reports            156                0.0
Icmp6InType3                    25                 0.0
Icmp6InType134                  68                 0.0
Icmp6InType135                  2                  0.0
Icmp6InType136                  74                 0.0
Icmp6InType143                  2                  0.0
Icmp6OutType133                 8                  0.0
Icmp6OutType135                 78                 0.0
Icmp6OutType136                 2                  0.0
Icmp6OutType143                 156                0.0
Udp6InDatagrams                 94                 0.0
OK: Network performance diagnostics collected
MODULE RESULT: COMPLETED

------------------------------------------------------------
MODULE: kernel_networking.sh
------------------------------------------------------------

======================================
LINUX KERNEL NETWORKING
======================================
IP forwarding:
net.ipv4.ip_forward = 0
net.ipv6.conf.all.forwarding = 0

Reverse path filtering:
net.ipv4.conf.all.rp_filter = 2

TCP congestion control:
net.ipv4.tcp_congestion_control = cubic

Available TCP congestion algorithms:
net.ipv4.tcp_available_congestion_control = reno cubic

TCP memory:
net.ipv4.tcp_rmem = 4096	131072	33554432
net.ipv4.tcp_wmem = 4096	16384	4194304

Socket buffers:
net.core.rmem_max = 4194304
net.core.wmem_max = 4194304

TCP security:
net.ipv4.tcp_syncookies = 1

TCP connection information:
State Recv-Q Send-Q Local Address:Port   Peer Address:Port                                                                                                                                                                                                                                                                                                                                                                                                                                                   
ESTAB 0      0          10.0.2.15:45000 140.82.114.26:https
	 cubic rto:227 rtt:14.241/21.151 ato:40 mss:1460 pmtu:1500 rcvmss:1440 advmss:1460 cwnd:10 bytes_sent:4375 bytes_acked:4376 bytes_received:4408 segs_out:35 segs_in:53 data_segs_out:24 data_segs_in:25 send 8.2Mbps lastsnd:2338456 lastrcv:2338458 lastack:483714 pacing_rate 16.4Mbps delivery_rate 37.9Mbps delivered:25 app_limited busy:71ms rcv_space:14600 rcv_ssthresh:78720 minrtt:2.484 snd_wnd:65535 rcv_wnd:77760                  
ESTAB 0      0          10.0.2.15:42064 57.144.211.32:https
	 cubic rto:201 rtt:0.573/0.112 ato:47 mss:1460 pmtu:1500 rcvmss:1440 advmss:1460 cwnd:10 bytes_sent:67840 bytes_acked:67841 bytes_received:97714 segs_out:746 segs_in:749 data_segs_out:420 data_segs_in:329 send 204Mbps lastsnd:22157 lastrcv:21929 lastack:21929 pacing_rate 407Mbps delivery_rate 25.8Mbps delivered:421 app_limited busy:274ms rcv_rtt:188012 rcv_space:64821 rcv_ssthresh:151731 minrtt:0.205 snd_wnd:65535 rcv_wnd:151200
ESTAB 0      0          10.0.2.15:47022 34.107.243.93:https
	 cubic rto:224 rtt:23.132/22.364 ato:40 mss:1460 pmtu:1500 rcvmss:1440 advmss:1460 cwnd:10 bytes_sent:3285 bytes_acked:3286 bytes_received:5573 segs_out:14 segs_in:14 data_segs_out:5 data_segs_in:6 send 5.05Mbps lastsnd:1561121 lastrcv:1560897 lastack:319883 pacing_rate 10.1Mbps delivery_rate 31Mbps delivered:6 app_limited busy:9ms rcv_space:14600 rcv_ssthresh:81640 minrtt:0.503 snd_wnd:65535 rcv_wnd:80640                       
OK: Kernel networking diagnostics collected
MODULE RESULT: COMPLETED

------------------------------------------------------------
MODULE: vlan.sh
------------------------------------------------------------

======================================
VLAN DIAGNOSTICS
======================================
VLAN interfaces:

Bridge VLAN configuration:
port              vlan-id  
OK: VLAN diagnostics completed
MODULE RESULT: COMPLETED

------------------------------------------------------------
MODULE: bridge.sh
------------------------------------------------------------

======================================
LINUX BRIDGE DIAGNOSTICS
======================================
Bridge links:

Bridge VLAN:
port              vlan-id  

Bridge forwarding database:
01:00:5e:00:00:01 dev enp0s3 self permanent
33:33:00:00:00:01 dev enp0s3 self permanent
33:33:ff:85:28:fc dev enp0s3 self permanent
01:00:5e:7f:ff:fa dev enp0s3 self permanent
01:00:5e:00:00:fb dev enp0s3 self permanent
33:33:00:00:00:fb dev enp0s3 self permanent
33:33:00:00:00:0c dev enp0s3 self permanent
OK: Linux bridge diagnostics completed
MODULE RESULT: COMPLETED

------------------------------------------------------------
MODULE: bonding.sh
------------------------------------------------------------

======================================
NIC BONDING / TEAMING
======================================
No bond0 detected

All bonding devices:
N/A: No Linux bonding devices detected
MODULE RESULT: COMPLETED

------------------------------------------------------------
MODULE: namespace.sh
------------------------------------------------------------

======================================
NETWORK NAMESPACES
======================================
Network namespaces:

Namespace links:
OK: Network namespace diagnostics completed
MODULE RESULT: COMPLETED

------------------------------------------------------------
MODULE: virtual_networking.sh
------------------------------------------------------------

======================================
VIRTUAL NETWORKING
======================================
Virtual/network device inventory:

VirtualBox/network virtualization indicators:
lo               UNKNOWN        00:00:00:00:00:00 <LOOPBACK,UP,LOWER_UP> 
enp0s3           UP             08:00:27:85:28:fc <BROADCAST,MULTICAST,UP,LOWER_UP> 
OK: Virtual networking inventory completed
MODULE RESULT: COMPLETED

------------------------------------------------------------
MODULE: tunnels.sh
------------------------------------------------------------

======================================
NETWORK TUNNELS
======================================
Tunnel interfaces:

Tunnel addresses:
OK: Tunnel inventory completed
MODULE RESULT: COMPLETED

------------------------------------------------------------
MODULE: security.sh
------------------------------------------------------------

======================================
NETWORK SECURITY POSTURE
======================================
Listening services:
Netid State  Recv-Q Send-Q                     Local Address:Port  Peer Address:PortProcess                            
udp   UNCONN 0      0                                0.0.0.0:5353       0.0.0.0:*                                      
udp   UNCONN 0      0                              10.0.2.15:3702       0.0.0.0:*    users:(("python3",pid=9282,fd=10))
udp   UNCONN 0      0                        239.255.255.250:3702       0.0.0.0:*    users:(("python3",pid=9282,fd=8)) 
udp   UNCONN 0      0                             127.0.0.54:53         0.0.0.0:*                                      
udp   UNCONN 0      0                          127.0.0.53%lo:53         0.0.0.0:*                                      
udp   UNCONN 0      0                                0.0.0.0:49257      0.0.0.0:*    users:(("python3",pid=9282,fd=9)) 
udp   UNCONN 0      0                              127.0.0.1:323        0.0.0.0:*                                      
udp   UNCONN 0      0                                      *:54187            *:*    users:(("python3",pid=9282,fd=12))
udp   UNCONN 0      0                                   [::]:5353          [::]:*                                      
udp   UNCONN 0      0      [fe80::a00:27ff:fe85:28fc]%enp0s3:3702          [::]:*    users:(("python3",pid=9282,fd=13))
udp   UNCONN 0      0                       [ff02::c]%enp0s3:3702          [::]:*    users:(("python3",pid=9282,fd=11))
udp   UNCONN 0      0                                  [::1]:323           [::]:*                                      
tcp   LISTEN 0      4096                          127.0.0.54:53         0.0.0.0:*                                      
tcp   LISTEN 0      4096                           127.0.0.1:631        0.0.0.0:*                                      
tcp   LISTEN 0      511                              0.0.0.0:80         0.0.0.0:*                                      
tcp   LISTEN 0      4096                       127.0.0.53%lo:53         0.0.0.0:*                                      
tcp   LISTEN 0      4096                               [::1]:631           [::]:*                                      
tcp   LISTEN 0      511                                 [::]:80            [::]:*                                      

IP forwarding:
net.ipv4.ip_forward = 0
net.ipv6.conf.all.forwarding = 0

Reverse path filtering:
net.ipv4.conf.all.rp_filter = 2

Firewall summary:

SSH exposure:
SSH port 22 not listening
OK: Network security posture inspected
MODULE RESULT: COMPLETED

------------------------------------------------------------
MODULE: service_connectivity.sh
------------------------------------------------------------

======================================
SERVICE-TO-SERVICE CONNECTIVITY
======================================

Testing: example.com:443
OK: example.com:443 reachable

Testing: 1.1.1.1:53
OK: 1.1.1.1:53 reachable
MODULE RESULT: COMPLETED

------------------------------------------------------------
MODULE: proxy.sh
------------------------------------------------------------

======================================
PROXY DIAGNOSTICS
======================================
Configured proxy environment:

Proxy-related listeners:
No common proxy ports detected
OK: Proxy diagnostics completed
MODULE RESULT: COMPLETED

------------------------------------------------------------
MODULE: load_balancer.sh
------------------------------------------------------------

======================================
LOAD BALANCER NETWORKING
======================================
Common load-balancer listener ports:
tcp   LISTEN 0      511                              0.0.0.0:80         0.0.0.0:*                                      
tcp   LISTEN 0      511                                 [::]:80            [::]:*                                      

HTTP health endpoint:
HTTP/2 200 
date: Tue, 01 Sep 2026 08:24:18 GMT
content-type: text/html
server: cloudflare
last-modified: Mon, 31 Aug 2026 04:09:32 GMT
allow: GET, HEAD
accept-ranges: bytes
age: 4309
cf-cache-status: HIT
cf-ray: a342e0bc3e076d9f-HYD

OK: Load-balancer/network endpoint diagnostics completed
MODULE RESULT: COMPLETED

------------------------------------------------------------
MODULE: observability.sh
------------------------------------------------------------

======================================
NETWORK OBSERVABILITY
======================================
Timestamp:
2026-09-01 08:24:18

Host:
Ubuntupro

Interfaces:
lo               UNKNOWN        00:00:00:00:00:00 <LOOPBACK,UP,LOWER_UP> 
enp0s3           UP             08:00:27:85:28:fc <BROADCAST,MULTICAST,UP,LOWER_UP> 

Addresses:
lo               UNKNOWN        127.0.0.1/8 ::1/128 
enp0s3           UP             10.0.2.15/24 fd17:625c:f037:2:a00:27ff:fe85:28fc/64 fe80::a00:27ff:fe85:28fc/64 

Routes:
default via 10.0.2.2 dev enp0s3 proto dhcp src 10.0.2.15 metric 100 
10.0.2.0/24 dev enp0s3 proto kernel scope link src 10.0.2.15 metric 100 

Sockets:
Total: 991
TCP:   17 (estab 3, closed 8, orphaned 0, timewait 8)

Transport Total     IP        IPv6
RAW	  1         0         1        
UDP	  13        8         5        
TCP	  9         7         2        
INET	  23        15        8        
FRAG	  0         0         0        


Interface counters:
Inter-|   Receive                                                |  Transmit
 face |bytes    packets errs drop fifo frame compressed multicast|bytes    packets errs drop fifo colls carrier compressed
    lo: 1678460   10120    0    0    0     0          0         0  1678460   10120    0    0    0     0       0          0
enp0s3: 728124611  552422    0    0    0     0          0        70 18784935   93753    0   12    0     0       0          0

Kernel network counters:
#kernel
IpInReceives                    561058             0.0
IpInHdrErrors                   0                  0.0
IpInAddrErrors                  0                  0.0
IpForwDatagrams                 0                  0.0
IpInUnknownProtos               0                  0.0
IpInDiscards                    0                  0.0
IpInDelivers                    561054             0.0
IpOutRequests                   95662              0.0
IpOutDiscards                   0                  0.0
IpOutNoRoutes                   10                 0.0
IpReasmTimeout                  0                  0.0
IpReasmReqds                    0                  0.0
IpReasmOKs                      0                  0.0
IpReasmFails                    0                  0.0
IpFragOKs                       0                  0.0
IpFragFails                     0                  0.0
IpFragCreates                   0                  0.0
IpOutTransmits                  95662              0.0
IcmpInMsgs                      163                0.0
IcmpInErrors                    0                  0.0
IcmpInCsumErrors                0                  0.0
IcmpInDestUnreachs              12                 0.0
IcmpInTimeExcds                 35                 0.0
IcmpInParmProbs                 0                  0.0
IcmpInSrcQuenchs                0                  0.0
IcmpInRedirects                 0                  0.0
IcmpInEchos                     0                  0.0
IcmpInEchoReps                  116                0.0
IcmpInTimestamps                0                  0.0
IcmpInTimestampReps             0                  0.0
IcmpInAddrMasks                 0                  0.0
IcmpInAddrMaskReps              0                  0.0
IcmpOutMsgs                     131                0.0
IcmpOutErrors                   0                  0.0
IcmpOutRateLimitGlobal          0                  0.0
IcmpOutRateLimitHost            0                  0.0
IcmpOutDestUnreachs             12                 0.0
IcmpOutTimeExcds                0                  0.0
IcmpOutParmProbs                0                  0.0
IcmpOutSrcQuenchs               0                  0.0
IcmpOutRedirects                0                  0.0
IcmpOutEchos                    119                0.0
IcmpOutEchoReps                 0                  0.0
IcmpOutTimestamps               0                  0.0
IcmpOutTimestampReps            0                  0.0
IcmpOutAddrMasks                0                  0.0
IcmpOutAddrMaskReps             0                  0.0
IcmpMsgInType0                  116                0.0
IcmpMsgInType3                  12                 0.0
IcmpMsgInType11                 35                 0.0
IcmpMsgOutType3                 12                 0.0
IcmpMsgOutType8                 119                0.0
TcpActiveOpens                  1493               0.0
TcpPassiveOpens                 26                 0.0
TcpAttemptFails                 55                 0.0
TcpEstabResets                  27                 0.0
TcpInSegs                       509465             0.0
TcpOutSegs                      80292              0.0
TcpRetransSegs                  1994               0.0
TcpInErrs                       0                  0.0
TcpOutRsts                      967                0.0
TcpInCsumErrors                 0                  0.0
UdpInDatagrams                  52485              0.0
UdpNoPorts                      12                 0.0
UdpInErrors                     0                  0.0
UdpOutDatagrams                 19866              0.0
UdpRcvbufErrors                 0                  0.0
UdpSndbufErrors                 0                  0.0
UdpInCsumErrors                 0                  0.0
UdpIgnoredMulti                 0                  0.0
UdpMemErrors                    0                  0.0
UdpLiteInDatagrams              0                  0.0
UdpLiteNoPorts                  0                  0.0
UdpLiteInErrors                 0                  0.0
UdpLiteOutDatagrams             0                  0.0
UdpLiteRcvbufErrors             0                  0.0
UdpLiteSndbufErrors             0                  0.0
UdpLiteInCsumErrors             0                  0.0
UdpLiteIgnoredMulti             0                  0.0
UdpLiteMemErrors                0                  0.0
Ip6InReceives                   1330               0.0
Ip6InHdrErrors                  0                  0.0
Ip6InTooBigErrors               0                  0.0
Ip6InNoRoutes                   0                  0.0
Ip6InAddrErrors                 0                  0.0
Ip6InUnknownProtos              0                  0.0
Ip6InTruncatedPkts              0                  0.0
Ip6InDiscards                   0                  0.0
Ip6InDelivers                   1330               0.0
Ip6OutForwDatagrams             0                  0.0
Ip6OutRequests                  3102               0.0
Ip6OutDiscards                  3                  0.0
Ip6OutNoRoutes                  97                 0.0
Ip6ReasmTimeout                 0                  0.0
Ip6ReasmReqds                   0                  0.0
Ip6ReasmOKs                     0                  0.0
Ip6ReasmFails                   0                  0.0
Ip6FragOKs                      0                  0.0
Ip6FragFails                    0                  0.0
Ip6FragCreates                  0                  0.0
Ip6InMcastPkts                  122                0.0
Ip6OutMcastPkts                 247                0.0
Ip6InOctets                     590970             0.0
Ip6OutOctets                    303722             0.0
Ip6InMcastOctets                18637              0.0
Ip6OutMcastOctets               48629              0.0
Ip6InBcastOctets                0                  0.0
Ip6OutBcastOctets               0                  0.0
Ip6InNoECTPkts                  1571               0.0
Ip6InECT1Pkts                   0                  0.0
Ip6InECT0Pkts                   0                  0.0
Ip6InCEPkts                     0                  0.0
Ip6OutTransmits                 3102               0.0
Icmp6InMsgs                     171                0.0
Icmp6InErrors                   0                  0.0
Icmp6OutMsgs                    244                0.0
Icmp6OutErrors                  0                  0.0
Icmp6InCsumErrors               0                  0.0
Icmp6OutRateLimitHost           0                  0.0
OK: Network observability snapshot generated
MODULE RESULT: COMPLETED

------------------------------------------------------------
MODULE: troubleshooting.sh
------------------------------------------------------------

======================================
NETWORK TROUBLESHOOTING CHAIN
======================================
1. Interface:
2: enp0s3: <BROADCAST,MULTICAST,UP,LOWER_UP> mtu 1500 qdisc fq_codel state UP mode DEFAULT group default qlen 1000
    link/ether 08:00:27:85:28:fc brd ff:ff:ff:ff:ff:ff

2. Address:
2: enp0s3: <BROADCAST,MULTICAST,UP,LOWER_UP> mtu 1500 qdisc fq_codel state UP group default qlen 1000
    link/ether 08:00:27:85:28:fc brd ff:ff:ff:ff:ff:ff
    inet 10.0.2.15/24 brd 10.0.2.255 scope global dynamic noprefixroute enp0s3
       valid_lft 68470sec preferred_lft 68470sec
    inet6 fd17:625c:f037:2:a00:27ff:fe85:28fc/64 scope global dynamic noprefixroute 
       valid_lft 85998sec preferred_lft 13998sec
    inet6 fe80::a00:27ff:fe85:28fc/64 scope link noprefixroute 
       valid_lft forever preferred_lft forever

3. Gateway:
10.0.2.2
OK: Gateway reachable

4. DNS:
OK: DNS working

5. External IP:
OK: External IP reachable

6. HTTPS:
OK: HTTPS reachable

Troubleshooting chain completed.
MODULE RESULT: COMPLETED

------------------------------------------------------------
MODULE: resilience.sh
------------------------------------------------------------

======================================
NETWORK RESILIENCE READINESS
======================================
Default route:
default via 10.0.2.2 dev enp0s3 proto dhcp src 10.0.2.15 metric 100 

Multiple interfaces:
Non-loopback interfaces: 1
WARN: Only one non-loopback interface detected

Multiple default routes:
Default routes: 1
Single/default route configuration

Neighbor state:
10.0.2.2 dev enp0s3 lladdr 52:54:00:12:35:00 REACHABLE 
fe80::2 dev enp0s3 lladdr 52:54:00:12:35:00 router REACHABLE 
fd17:625c:f037:2::2 dev enp0s3 lladdr 52:54:00:12:35:00 router STALE 

NetworkManager state:
STATE      CONNECTIVITY  WIFI-HW  WIFI     WWAN-HW  WWAN     METERED      
connected  full          missing  enabled  missing  enabled  no (guessed) 

Resilience diagnostics completed.
MODULE RESULT: COMPLETED

============================================================
 NETWORKING ENGINEERING SUMMARY
============================================================
Checks OK      : 0
Warnings       : 0
Failures       : 0
Not Available  : 0

Report: /home/vboxuser/linux-production-platform/reports/networking/network_20260901_082346.report
Log   : /home/vboxuser/linux-production-platform/logs/networking/network_20260901_082346.log

NETWORK HEALTH: OK
